main.c:84:6:vprint	216	static
main.c:92:6:my_printf	16	static
main.c:105:6:sprint_Hour1	16	static
main.c:172:6:sprint_Hour2	16	static
main.c:239:6:sprint_Minute1	16	static
main.c:306:6:sprint_Minute2	16	static
main.c:373:6:sprint_Second1	16	static
main.c:440:6:sprint_Second2	16	static
main.c:507:6:Buzzer_Activate	16	static
main.c:513:6:displayHour	24	static
main.c:521:6:displayMinute	24	static
main.c:529:6:displaySecond	24	static
main.c:543:5:main	16	static
main.c:656:6:SystemClock_Config	88	static
main.c:697:13:MX_I2C1_Init	8	static
main.c:729:13:MX_USART1_UART_Init	8	static
main.c:760:13:MX_USART2_UART_Init	8	static
main.c:791:13:MX_GPIO_Init	48	static
main.c:888:6:HAL_UART_RxCpltCallback	16	static
main.c:894:6:HAL_GPIO_EXTI_Callback	16	static
main.c:963:6:Error_Handler	4	static
